// Vitest Snapshot v1, https://vitest.dev/guide/snapshot.html

exports[`should serialize file content 2`] = `
"\\"use strict\\";
  const a = <ROOT>/node_modules/<PNPM_INNER>/@rslib/core/dist/index.js;
"
`;
